// Jest Snapshot v1, https://goo.gl/fbAQLP

exports[`counter renders, and matches snapshot 1`] = `
<section
  className="counter"
>
  <a
    className="downClicker"
    href="#"
    onClick={[Function]}
  >
    -
  </a>
  <span
    className="count "
  >
    0
  </span>
  <a
    className="upClicker"
    href="#"
    onClick={[Function]}
  >
    +
  </a>
</section>
`;
